true
true
true
true
true
true
true
true
true
true
true
true
true
true
true
true
true
true
true
true
true
true
true
true
true
true
true
true
true
true
true
true
true
true
true
true
true
true
true
true
true
true
true
true
true
true
true
true
true
true
true
true
true
true
true
true
true
true
true
true
true
true
true
true
true
true
true
true
true
true
true
true
true
true
true
true
true
true
true
true
true
true
true
true
true
true
true
true
true
true
true
true
true
true
true
true
true
true
true
true
true
true
true
true
true
true
true
true
true
true
true
true
true
true
true
true
true
true
true
true
true
true
true
true
true
true
true
true
true
true
true
true
true
true
true
true
true
true
true
true
true
true
true
true
true
true
true
true
true
true
true
true
true
true
true
true
true
true
true
true
true
true
true
true
true
true
true
true
true
true
true
true
true
true
true
true
true
true
true
true
true
true
true
true
true
true
true
true
true
true
true
true
true
true
true
true
true
true
true
true
true
true
true
true
true
true
true
true
true
true
true
true
true
true
true
true
true
true
true
true
true
true
true
true
true
true
true
true
true
true
true
true
true
true
true
true
true
true
true
true
true
true
true
true
true
true
true
true
true
true
true
true
true
true
true
true
true
true
true
true
true
true
true
true
true
true
true
true
true
true
true
true
true
true
true
true
true
true
true
true
true
true
true
true
true
true
true
true
true
true
true
true
true
true
true
true
true
true
true
true
true
true
true
true
true
true
true
true
true
true
true
true
true
true
true
true
true
true
true
true
true
true
true
true
true
true
true
true
true
true
true
true
true
true
true
true
true
true
true
true
true
true
true
true
true
true
true
true
true
true
true
true
true
true
true
true
true
true
true
true
true
true
true
true
true
true
true
true
true
true
true
true
true
true
true
true
true
true
true
true
true
true
true
true
true
true
true
true
true
true
true
true
true
true
true
true
true
true
true
true
true
true
true
true
true
true
true
true
true
true
true
true
true
true
true
true
true
true
true
true
true
true
true
true
true
true
true
true
true
true
true
true
true
true
true
true
true
true
true
true
true
true
true
true
true
true
true
true
true
true
true
true
true
true
true
true
true
true
true
true
true
true
true
true
true
true
true
true
true
true
true
true
true
true
true
true
true
true
true
true
true
true
true
true
true
true
true
true
true
true
true
true
true
true
true
true
true
true
true
true
true
true
true
true
true
true
true
true
true
true
true
true
true
true
true
true
true
true
true
true
true
true
true
true
true
true
true
true
true
true
true
true
true
true
true
true
true
true
true
true
true
true
true
true
true
true
true
true
true
true
true
true
true
true
true
true
true
true
true
true
true
true
true
true
true
true
true
true
true
true
true
true
true
true
true
true
true
true
true
true
true
true
true
true
true
true
true
true
true
true
true
true
true
true
true
true
true
true
true
true
true
true
true
true
true
true
true
true
true
true
true
true
true
true
true
true
true
true
true
true
true
true
true
true
true
true
true
true
true
true
true
true
true
true
true
true
true
true
true
true
true
true
true
true
true
true
true
true
true
true
true
true
true
true
true
true
true
true
true
true
true
true
true
true
true
true
true
true
true
true
true
true
true
true
true
true
true
true
true
true
true
true
true
true
true
true
true
true
true
true
true
true
true
true
true
true
true
true
true
true
true
true
true
true
true
true
true
true
true
true
true
true
true
true
true
true
true
true
true
true
true
true
true
true
true
true
true
true
true
true
true
true
true
true
true
true
true
true
true
true
true
true
true
true
true
true
true
true
true
true
true
true
true
true
true
true
true
true
true
true
true
true
true
true
true
true
true
true
true
true
true
true
true
true
true
true
true
true
true
true
true
true
true
true
true
true
true
true
true
true
true
true
true
true
true
true
true
true
true
true
true
true
true
true
true
true
true
true
true
true
true
true
true
true
true
true
true
true
true
true
true
true
true
true
true
true
true
true
true
true
true
true
true
true
true
true
true
true
true
true
true
true
true
true
true
true
true
true
true
true
true
true
true
true
true
true
true
true
true
true
true
true
true
true
true
true
true
true
true
true
true
true
true
true
true
true
true
true
true
true
true
true
true
true
true
true
true
true
true
true
true
true
true
true
true
true
true
true
true
true
true
true
true
true
true
true
true
true
true
true
true
true
true
true
true
true
true
true
true
true
true
true
true
true
true
true
true
true
true
true
true
true
true
true
true
true
true
true
true
true
true
true
true
true
true
true
true
true
true
true
true
true
true
true
true
true
true
true
true
true
true
true
true
true
true
true
true
3
3
[(-0.3289652, -0.7003409, 0.23077369), (0.0, -0.26162136, 0.05289479), (0.3289652, -0.7003409, 0.23077369)]
37
[[(-1.1063688, -0.32509995, -0.6447773), (-0.07398288, -0.65601635, -0.59117174), (0.7342001, -0.78213596, -0.60246944)], [(-0.5578139, -0.7500291, -0.22411728), (-0.2872492, -0.60264826, -1.1427245), (0.7342001, -0.78213596, -0.60246944)], [(-1.1063688, -0.32509995, -0.6447773), (0.6432129, -0.65376616, -0.90605354), (0.7342001, -0.78213596, -0.60246944)], [(-0.21473181, -0.40177155, -0.67089176), (0.6432129, -0.65376616, -0.90605354), (0.7342001, -0.78213596, -0.60246944)], [(-0.07398288, -0.65601635, -0.59117174), (0.0, -0.30320024, -0.9436941), (0.46830595, -0.82450724, -1.1321502)], [(-0.5578139, -0.7500291, -0.22411728), (-0.5487232, 0.06941366, -1.1831841), (0.46830595, -0.82450724, -1.1321502)], [(-1.1063688, -0.32509995, -0.6447773), (-0.07398288, -0.65601635, -0.59117174), (0.0, -0.6422782, -0.93219805)], [(-0.2872492, -0.60264826, -1.1427245), (-0.21473181, -0.40177155, -0.67089176), (0.7342001, -0.78213596, -0.60246944)], [(-0.07398288, -0.65601635, -0.59117174), (0.0, -0.6422782, -0.93219805), (0.0, -0.30320024, -0.9436941)], [(-0.5578139, -0.7500291, -0.22411728), (-0.07398288, -0.65601635, -0.59117174), (0.46830595, -0.82450724, -1.1321502)], [(-0.5578139, -0.7500291, -0.22411728), (-0.5487232, 0.06941366, -1.1831841), (-0.2872492, -0.60264826, -1.1427245)]]
[[(-0.1358645, -0.7829995, -0.052743435), (0.25591063, -0.7995696, 0.8823214), (0.99185205, -1.0879011, -0.043427706)], [(-0.1358645, -0.7829995, -0.052743435), (0.24189997, -1.1124434, 1.235945), (0.8630265, -0.8213, 0.5480212)], [(0.04030347, -0.7095461, -0.09075236), (0.31897235, -0.5753741, -0.34091854), (0.8630265, -0.8213, 0.5480212)], [(0.25591063, -0.7995696, 0.8823214), (0.31897235, -0.5753741, -0.34091854), (0.8306258, -0.40069628, -0.016618013)], [(0.101145506, -1.1902347, 0.1869576), (0.31897235, -0.5753741, -0.34091854), (0.8306258, -0.40069628, -0.016618013)], [(0.04030347, -0.7095461, -0.09075236), (0.101145506, -1.1902347, 0.1869576), (0.31897235, -0.5753741, -0.34091854)], [(-0.09497881, -0.8100476, 0.73997575), (0.25591063, -0.7995696, 0.8823214), (0.99185205, -1.0879011, -0.043427706)], [(-0.1358645, -0.7829995, -0.052743435), (0.25591063, -0.7995696, 0.8823214), (0.8630265, -0.8213, 0.5480212)], [(0.24189997, -1.1124434, 1.235945), (0.8630265, -0.8213, 0.5480212), (0.9227811, -0.6419358, -0.41028118)], [(0.04030347, -0.7095461, -0.09075236), (0.8630265, -0.8213, 0.5480212), (0.9227811, -0.6419358, -0.41028118)], [(-0.09497881, -0.8100476, 0.73997575), (0.25591063, -0.7995696, 0.8823214), (0.8306258, -0.40069628, -0.016618013)]]
[[(0.0, -0.11020565, -0.7078936), (0.0, 1.549047, -0.611466), (1.4790101, 0.55865973, 1.4694327)], [(-0.20035648, -2.1967475, -0.8730371), (-0.040497303, 0.9092903, 0.6261584), (1.2437181, 0.6748704, 0.17071652)], [(-0.20035648, -2.1967475, -0.8730371), (0.33196354, 1.7817748, -0.2013748), (1.4790101, 0.55865973, 1.4694327)], [(-0.5642388, -1.0682943, 0.58082044), (0.040795803, 0.7280271, 0.62541884), (1.4790101, 0.55865973, 1.4694327)], [(-0.5642388, -1.0682943, 0.58082044), (0.0, -0.11020565, -0.7078936), (1.4790101, 0.55865973, 1.4694327)], [(0.0, 1.549047, -0.611466), (0.33196354, 1.7817748, -0.2013748), (1.4790101, 0.55865973, 1.4694327)], [(-0.20035648, -2.1967475, -0.8730371), (-0.057856083, -0.17416644, 0.61629665), (0.33196354, 1.7817748, -0.2013748)], [(-0.20035648, -2.1967475, -0.8730371), (-0.057856083, -0.17416644, 0.61629665), (-0.040497303, 0.9092903, 0.6261584)], [(-0.2694013, 0.5897198, 0.74376917), (0.040795803, 0.7280271, 0.62541884), (1.2437181, 0.6748704, 0.17071652)], [(-0.5642388, -1.0682943, 0.58082044), (-0.2694013, 0.5897198, 0.74376917), (0.040795803, 0.7280271, 0.62541884)], [(-0.20035648, -2.1967475, -0.8730371), (0.040795803, 0.7280271, 0.62541884), (1.2437181, 0.6748704, 0.17071652)]]
[[(-1.1063688, -0.32509995, -0.6447773), (0.0, -0.6422782, -0.93219805), (0.0, -0.3299613, -1.1346679)], [(-0.24301177, -0.7083783, -0.66352034), (0.0, -0.3299613, -1.1346679), (1.1063688, -0.32509995, -0.6447773)], [(-1.1063688, -0.32509995, -0.6447773), (0.0, -0.3299613, -1.1346679), (0.24301177, -0.7083783, -0.66352034)], [(-0.24301177, -0.7083783, -0.66352034), (0.0042387247, -0.9410982, -1.1934681), (0.02545099, -1.0341425, -0.84538984)], [(0.0, -0.8212404, -0.71232796), (0.0, -0.48273182, -0.7180233), (0.02545099, -1.0341425, -0.84538984)], [(-0.02545099, -1.0341425, -0.84538984), (0.0, -0.8212404, -0.71232796), (0.0, -0.48273182, -0.7180233)], [(0.0, -0.6422782, -0.93219805), (0.0, -0.3299613, -1.1346679), (1.1063688, -0.32509995, -0.6447773)], [(0.0, -0.48273182, -0.7180233), (0.0, -0.3299613, -1.1346679), (0.24301177, -0.7083783, -0.66352034)], [(-0.6432129, -0.65376616, -0.90605354), (-0.24301177, -0.7083783, -0.66352034), (1.1063688, -0.32509995, -0.6447773)], [(-0.6432129, -0.65376616, -0.90605354), (-0.24301177, -0.7083783, -0.66352034), (0.0042387247, -0.9410982, -1.1934681)], [(-0.24301177, -0.7083783, -0.66352034), (0.0, -0.48273182, -0.7180233), (0.02545099, -1.0341425, -0.84538984)], [(-0.02545099, -1.0341425, -0.84538984), (0.0, -0.48273182, -0.7180233), (0.24301177, -0.7083783, -0.66352034)]]
[[(-0.11330885, -0.5796194, 0.37421644), (0.10272968, -0.9362993, 0.12559164), (0.12974489, -1.1845994, 0.16072917)], [(0.12974489, -1.1845994, 0.16072917), (0.16887891, -1.0580935, 0.7093725), (0.24877769, -0.08417368, 0.12399602)], [(-0.07068348, -0.24227667, 0.747203), (0.10272968, -0.9362993, 0.12559164), (1.0214694, -0.91291857, -0.10395825)], [(-0.2845869, -0.6823764, 0.46227545), (0.10272968, -0.9362993, 0.12559164), (0.41543758, -0.42981386, 0.13905537)], [(0.12974489, -1.1845994, 0.16072917), (0.33152854, -0.4633932, 0.095630884), (0.41543758, -0.42981386, 0.13905537)], [(-0.11330885, -0.5796194, 0.37421644), (0.10272968, -0.9362993, 0.12559164), (1.0214694, -0.91291857, -0.10395825)], [(-0.11330885, -0.5796194, 0.37421644), (0.12974489, -1.1845994, 0.16072917), (0.24877769, -0.08417368, 0.12399602)], [(-0.23750782, -1.1217427, 0.0057020187), (-0.07068348, -0.24227667, 0.747203), (0.10272968, -0.9362993, 0.12559164)], [(-0.2845869, -0.6823764, 0.46227545), (-0.23750782, -1.1217427, 0.0057020187), (0.10272968, -0.9362993, 0.12559164)], [(0.12974489, -1.1845994, 0.16072917), (0.16887891, -1.0580935, 0.7093725), (0.33152854, -0.4633932, 0.095630884)]]
[(0.29026985, -0.5159564, 0.33345747), (0.28799105, -0.549994, 0.34343266)]
