true
true
true
true
true
2
1
[[(0.0, -1.0, 0.0), (1.0, 0.0, 0.0)], [(0.0, 0.0, 3.0), (1.0, 0.0, 0.0)], [(0.0, -1.0, 0.0), (0.0, 0.0, 3.0)]]
