true
true
true
2
1
[[(0.0, -1.0, 0.0), (0.0, 1.0, 0.0)], [(0.0, 0.0, 3.0), (0.0, 1.0, 0.0)], [(0.0, -1.0, 0.0), (0.0, 0.0, 3.0)]]
false
[(0.0, 0.0, 3.0), (0.0, -1.0, 0.0), (0.0, 1.0, 0.0)]
[[(-1.0, 0.0, 0.0), (0.0, -1.0, 0.0), (0.0, 1.0, 0.0)], [(-1.0, 0.0, 0.0), (0.0, 0.0, 3.0), (0.0, 1.0, 0.0)]]
null
[(-1.0, 0.0, 0.0), (0.0, -1.0, 0.0), (0.0, 0.0, 3.0)]
[[(-1.0, 0.0, 0.0), (0.0, -1.0, 0.0), (0.0, 1.0, 0.0)], [(-1.0, 0.0, 0.0), (0.0, 0.0, 3.0), (0.0, 1.0, 0.0)]]
1
[(-1.0, 0.0, 0.0), (0.0, -1.0, 0.0), (0.0, 0.0, 3.0)]
[[(0.0, -1.0, 0.0), (0.0, 0.0, 3.0)], [(-1.0, 0.0, 0.0), (0.0, 0.0, 3.0)], [(-1.0, 0.0, 0.0), (0.0, -1.0, 0.0)]]
[[(-1.0, 0.0, 0.0), (0.0, -1.0, 0.0), (0.0, 0.0, 3.0)], [(-1.0, 0.0, 0.0), (0.0, -1.0, 0.0), (0.0, 1.0, 0.0)]]
[(-0.25, 0.0, 0.75)]
[(-0.25, 0.0, 0.75)]
(-0.25, 0.0, 0.75)
null
null
null
