true
true
true
true
true
true
true
true
true
true
true
true
true
true
true
true
true
true
true
true
true
true
true
true
true
true
true
true
true
true
true
true
true
true
true
true
true
true
true
true
true
true
true
true
true
true
true
true
true
true
true
true
true
true
true
true
true
true
true
true
true
true
true
true
true
true
true
true
true
true
true
true
true
true
true
true
true
true
true
true
true
true
true
true
true
true
true
true
true
true
true
true
true
true
true
true
true
true
true
true
true
true
true
true
true
true
true
true
true
true
true
true
true
true
true
true
true
true
true
true
true
true
true
true
true
true
true
true
true
true
true
true
true
true
true
true
true
true
true
true
true
true
true
true
true
true
true
true
true
true
true
true
true
true
true
true
true
true
true
true
true
true
true
true
true
true
true
true
true
true
true
true
true
true
true
true
true
true
true
true
true
true
true
true
true
true
true
true
true
true
true
true
true
true
true
true
true
true
true
true
true
true
true
true
true
true
true
true
true
true
true
true
true
true
true
true
true
true
true
true
true
true
true
true
true
true
true
true
true
true
true
true
true
true
true
true
true
true
true
true
true
true
true
true
true
true
true
true
true
true
true
true
true
true
true
true
true
true
true
true
true
true
true
true
true
true
true
true
true
true
true
true
true
true
true
true
true
true
true
true
true
true
true
true
true
true
true
true
true
true
true
true
true
true
true
true
true
true
true
true
true
true
true
true
true
true
true
true
true
true
true
true
true
true
true
true
true
true
true
true
true
true
true
true
true
true
true
true
true
true
true
true
true
true
true
true
true
true
true
true
true
true
true
true
true
true
true
true
true
true
true
true
true
true
true
true
true
true
true
true
true
true
true
true
true
true
true
true
true
true
true
true
true
true
true
true
true
true
true
true
true
true
true
true
true
true
true
true
true
true
true
true
true
true
true
true
true
true
true
true
true
true
true
true
true
true
true
true
true
true
true
true
true
true
true
true
true
true
true
true
true
true
true
true
true
true
true
true
true
true
true
true
true
true
true
true
true
true
true
true
true
true
true
true
true
true
true
true
true
true
true
true
true
true
true
true
true
true
true
true
true
true
true
true
true
true
true
true
true
true
true
true
true
true
true
true
true
true
true
true
true
true
true
true
true
true
true
true
true
true
true
true
true
true
true
true
true
true
true
true
true
true
true
true
true
true
true
true
true
true
true
true
true
true
true
true
true
true
true
true
true
true
true
true
true
true
true
true
true
true
true
true
true
true
true
true
true
true
true
true
true
true
true
true
true
true
true
true
true
true
true
true
true
true
true
true
true
true
true
true
true
true
true
true
true
true
true
true
true
true
true
true
true
true
true
true
true
true
true
true
true
true
true
true
true
true
true
true
true
true
true
true
true
true
true
true
true
true
true
true
true
true
true
true
true
true
true
true
true
true
true
true
true
true
true
true
true
true
true
true
true
true
true
true
true
true
true
true
true
true
true
true
true
true
true
true
true
true
true
true
true
true
true
true
true
true
true
true
true
true
true
true
true
true
true
true
true
true
true
true
true
true
true
true
true
true
true
true
true
true
true
true
true
true
true
true
true
true
true
true
true
true
true
true
true
true
true
true
true
true
true
true
true
true
true
true
true
true
true
true
true
true
true
true
true
true
true
true
true
true
true
true
true
true
true
true
true
true
true
true
true
true
true
true
true
true
true
true
true
true
true
true
true
true
true
true
true
true
true
true
true
true
true
true
true
true
true
true
true
true
true
true
true
true
true
true
true
true
true
true
true
true
true
true
true
true
true
true
true
true
true
true
true
true
true
true
true
true
true
true
true
true
true
true
true
true
true
true
true
true
true
true
true
true
true
true
true
true
true
true
true
true
true
true
true
true
true
true
true
true
true
true
true
true
true
true
true
true
true
true
true
true
true
true
true
true
true
true
true
true
true
true
true
true
true
true
true
true
true
true
true
true
true
true
true
true
true
true
true
true
true
true
true
true
true
true
true
true
true
true
true
true
true
true
true
true
true
true
true
true
true
true
true
true
true
true
true
true
true
true
true
true
true
true
true
true
true
true
true
true
true
true
true
true
true
true
true
true
true
true
true
true
true
true
true
true
true
true
true
true
true
true
true
true
true
true
true
true
true
true
true
true
true
true
true
true
true
true
true
true
true
true
true
true
true
true
true
true
true
true
true
true
true
true
true
true
true
true
true
true
true
true
true
true
true
true
true
true
true
true
true
true
true
true
true
true
true
true
true
true
true
true
true
true
true
true
true
true
true
true
true
true
true
true
true
true
true
true
true
true
true
true
true
true
true
true
true
true
true
true
true
true
true
true
true
true
true
true
true
true
true
true
true
true
true
true
true
true
true
true
true
true
true
true
true
true
true
true
true
true
true
true
true
true
true
true
true
true
true
true
true
true
true
true
true
true
true
true
true
true
true
true
true
true
true
true
true
true
true
true
true
true
true
true
true
true
true
true
true
true
true
true
true
true
true
true
true
true
true
true
true
true
true
true
true
true
true
true
true
true
true
true
true
true
true
true
true
true
true
true
true
true
true
true
true
true
true
true
true
true
true
true
true
true
true
true
true
true
true
true
true
true
true
true
true
true
true
true
true
true
true
true
true
true
true
true
true
true
true
true
true
true
true
true
true
true
true
true
true
true
true
true
true
true
true
true
true
true
true
true
true
true
true
true
true
true
true
true
true
true
true
true
true
true
true
true
true
true
true
true
true
true
true
true
true
true
true
true
true
true
true
true
true
true
true
true
true
true
true
true
true
true
true
true
true
true
true
true
true
true
true
true
true
true
true
true
true
true
true
true
true
true
true
true
true
true
true
true
true
true
true
true
true
true
true
true
true
true
true
true
true
true
true
true
true
true
true
true
true
true
true
true
true
true
true
true
true
true
true
true
true
true
true
true
true
true
true
true
true
true
true
true
true
true
true
true
true
true
true
true
true
true
true
true
true
true
true
true
true
true
true
true
true
true
true
true
true
true
true
true
true
true
true
true
true
true
true
true
true
true
true
true
true
true
true
true
true
true
true
true
true
true
true
true
true
true
true
true
true
true
true
true
true
true
true
true
true
true
true
true
true
true
true
true
true
true
true
true
true
true
true
true
true
true
true
true
true
true
true
true
true
true
true
true
true
true
true
true
true
true
true
true
true
true
true
true
true
true
true
true
true
true
true
true
true
true
true
true
true
true
true
true
true
true
true
true
true
true
true
true
true
true
true
true
true
true
true
true
true
true
true
true
true
true
true
true
true
true
true
true
true
true
true
true
true
true
true
true
true
true
true
true
true
true
true
true
true
true
true
true
true
true
true
true
true
true
true
true
true
true
true
true
true
true
true
true
true
true
true
true
true
true
true
true
true
true
true
true
true
true
true
true
true
true
true
true
true
true
true
true
true
true
true
true
true
true
true
true
true
true
true
true
true
true
true
true
true
true
true
true
true
true
true
true
true
true
true
true
true
true
true
true
true
true
true
true
true
true
true
true
true
true
true
true
true
true
true
true
true
true
true
true
true
true
true
true
true
true
true
true
true
true
true
true
true
true
true
true
true
true
true
true
true
true
true
true
true
true
true
true
true
true
true
true
true
true
true
true
true
true
true
true
true
true
true
true
true
true
true
true
true
true
true
true
true
true
true
true
true
true
true
true
true
true
true
true
true
true
true
true
true
true
true
true
true
true
true
true
true
true
true
true
true
true
true
true
true
true
true
true
true
true
true
true
true
true
true
true
true
true
true
true
true
true
true
true
true
true
true
true
true
true
true
true
true
true
true
true
true
true
true
true
true
true
true
true
true
true
true
true
true
true
true
true
true
true
true
true
true
true
true
true
true
true
true
true
true
true
true
true
true
true
true
true
true
true
true
true
true
true
true
true
true
true
true
true
true
true
true
true
true
true
true
true
true
true
true
true
true
true
true
true
true
true
true
true
true
true
true
true
true
true
true
true
true
true
true
true
true
true
true
true
true
true
true
true
true
true
true
true
true
true
true
true
true
true
true
true
true
true
true
true
true
true
true
true
true
true
true
true
true
true
true
true
true
true
true
true
true
true
true
true
true
true
true
true
true
true
true
true
4
2
[[(0.7159847, -0.47840568, 0.2078674), (0.7519222, -0.50241834, 0.23096988), (0.79555947, -0.32953188, 0.2078674)], [(0.68448514, -0.45735836, 0.17677669), (0.7159847, -0.47840568, 0.2078674), (0.760559, -0.31503424, 0.17677669)], [(0.760559, -0.31503424, 0.17677669), (0.79555947, -0.32953188, 0.2078674), (0.8074053, -0.16060276, 0.17677669)]]
[[(0.760559, -0.31503424, 0.17677669), (0.79555947, -0.32953188, 0.2078674)], [(0.7159847, -0.47840568, 0.2078674), (0.760559, -0.31503424, 0.17677669)], [(0.7159847, -0.47840568, 0.2078674), (0.79555947, -0.32953188, 0.2078674)]]
[(0.7159847, -0.47840568, 0.2078674), (0.760559, -0.31503424, 0.17677669), (0.79555947, -0.32953188, 0.2078674)]
true
[[(1.023514, -0.6838902, 0.09567086), (1.0353429, -0.69179404, 0.04877258), (1.1372677, -0.47107226, 0.09567086)], [(1.004305, -0.6710552, 0.13889256), (1.023514, -0.6838902, 0.09567086), (1.1159238, -0.4622313, 0.13889256)], [(0.8704267, -0.87042767, 0.09567086), (1.023514, -0.6838902, 0.09567086), (1.0353429, -0.69179404, 0.04877258)], [(0.8704267, -0.87042767, 0.09567086), (1.004305, -0.6710552, 0.13889256), (1.023514, -0.6838902, 0.09567086)], [(1.023514, -0.6838902, 0.09567086), (1.1159238, -0.4622313, 0.13889256), (1.1372677, -0.47107226, 0.09567086)]]
[(1.1372677, -0.47107226, 0.09567086), (1.0353429, -0.69179404, 0.04877258), (1.004305, -0.6710552, 0.13889256), (1.1159238, -0.4622313, 0.13889256), (0.8704267, -0.87042767, 0.09567086)]
[[(1.023514, -0.6838902, 0.09567086), (1.1372677, -0.47107226, 0.09567086)], [(1.023514, -0.6838902, 0.09567086), (1.0353429, -0.69179404, 0.04877258)], [(1.004305, -0.6710552, 0.13889256), (1.023514, -0.6838902, 0.09567086)], [(1.023514, -0.6838902, 0.09567086), (1.1159238, -0.4622313, 0.13889256)], [(0.8704267, -0.87042767, 0.09567086), (1.023514, -0.6838902, 0.09567086)]]
[[(1.023514, -0.6838902, 0.09567086), (1.0353429, -0.69179404, 0.04877258), (1.1372677, -0.47107226, 0.09567086)], [(1.004305, -0.6710552, 0.13889256), (1.023514, -0.6838902, 0.09567086), (1.1159238, -0.4622313, 0.13889256)], [(0.8704267, -0.87042767, 0.09567086), (1.023514, -0.6838902, 0.09567086), (1.0353429, -0.69179404, 0.04877258)], [(0.8704267, -0.87042767, 0.09567086), (1.004305, -0.6710552, 0.13889256), (1.023514, -0.6838902, 0.09567086)], [(1.023514, -0.6838902, 0.09567086), (1.1159238, -0.4622313, 0.13889256), (1.1372677, -0.47107226, 0.09567086)]]
[[(0.63942516, -0.42725024, 0.09567086), (0.71049106, -0.29429537, 0.09567086), (0.731835, -0.30313632, 0.13889256)], [(0.63942516, -0.42725024, 0.09567086), (0.6973475, -0.28885114, 0.04877258), (0.71049106, -0.29429537, 0.09567086)]]
[(-0.026328987, -0.017592436, -0.15993774), (-0.0039978856, -0.020098018, 0.18075663), (0.0056937565, 0.028624568, 0.15278785), (0.033599608, 0.022450553, -0.13575043)]
37
[(-0.026328987, -0.017592436, -0.15993774), (-0.0039978856, -0.020098018, 0.18075663), (0.0056937565, 0.028624568, 0.15278785), (0.033599608, 0.022450553, -0.13575043)]
[(0.9329499, -0.18557511, -0.24519631), (0.9807853, -0.19509016, -0.25)]
true
true
false
false
false
false
false
false
